
> mini-jefecita@4.1.0 test
> vitest --run

1:24:43 PM [vite] warning: `esbuild` option was specified by "vite:react-babel" plugin. This option is deprecated, please use `oxc` instead.
1:24:43 PM [vite] warning: `optimizeDeps.esbuildOptions` option was specified by "vite:react-babel" plugin. This option is deprecated, please use `optimizeDeps.rolldownOptions` instead.
Both esbuild and oxc options were set. oxc options will be used and esbuild options will be ignored. The following esbuild options were set: `{ jsx: 'automatic', jsxImportSource: undefined }`

 RUN  v4.1.5 /Users/macos/Library/Mobile Documents/com~apple~CloudDocs/Código /Mini Jefecita

 ❯ src/__tests__/crypto.test.js (0 test)

⎯⎯⎯⎯⎯⎯ Failed Suites 1 ⎯⎯⎯⎯⎯⎯⎯

 FAIL  src/__tests__/crypto.test.js [ src/__tests__/crypto.test.js ]
Error: Failed to parse source for import analysis because the content contains invalid JS syntax. If you are using JSX, make sure to name the file with the .jsx or .tsx extension.
  Plugin: vite:import-analysis
  File: /Users/macos/Library/Mobile Documents/com~apple~CloudDocs/Código /Mini Jefecita/src/js/crypto_engine.js:115:0
  113 |  }
  114 |  
  115 |  }
      |  ^
  116 |  
 ❯ TransformPluginContext._formatLog ../../../../Mobile%20Documents/com%7Eapple%7ECloudDocs/Co%CC%81digo%20/Mini%20Jefecita/node_modules/vitest/node_modules/vite/dist/node/chunks/node.js:30352:39
 ❯ TransformPluginContext.error ../../../../Mobile%20Documents/com%7Eapple%7ECloudDocs/Co%CC%81digo%20/Mini%20Jefecita/node_modules/vitest/node_modules/vite/dist/node/chunks/node.js:30349:14
 ❯ TransformPluginContext.transform ../../../../Mobile%20Documents/com%7Eapple%7ECloudDocs/Co%CC%81digo%20/Mini%20Jefecita/node_modules/vitest/node_modules/vite/dist/node/chunks/node.js:27595:10
 ❯ EnvironmentPluginContainer.transform ../../../../Mobile%20Documents/com%7Eapple%7ECloudDocs/Co%CC%81digo%20/Mini%20Jefecita/node_modules/vitest/node_modules/vite/dist/node/chunks/node.js:30141:14
 ❯ loadAndTransform ../../../../Mobile%20Documents/com%7Eapple%7ECloudDocs/Co%CC%81digo%20/Mini%20Jefecita/node_modules/vitest/node_modules/vite/dist/node/chunks/node.js:24489:26

⎯⎯⎯⎯⎯⎯⎯⎯⎯⎯⎯⎯⎯⎯⎯⎯⎯⎯⎯⎯⎯⎯⎯⎯[1/1]⎯


 Test Files  1 failed (1)
      Tests  no tests
   Start at  13:24:43
   Duration  601ms (transform 19ms, setup 0ms, import 0ms, tests 0ms, environment 479ms)

